Warning: You are sending unauthenticated requests to the HF Hub. Please set a HF_TOKEN to enable higher rate limits and faster downloads.
C:\Users\DELL\Documents\BCT\.venv\Lib\site-packages\huggingface_hub\file_download.py:138: UserWarning: `huggingface_hub` cache-system uses symlinks by default to efficiently store duplicated files but your machine does not support them in C:\Users\DELL\.cache\huggingface\hub\datasets--includeno--movielens-100k. Caching files will still work but in a degraded version that might require more space on your disk. This warning can be disabled by setting the `HF_HUB_DISABLE_SYMLINKS_WARNING` environment variable. For more details, see https://huggingface.co/docs/huggingface_hub/how-to-cache#limitations.
To support symlinks on Windows, you either need to activate Developer Mode or to run Python as an administrator. In order to activate developer mode, see this article: https://docs.microsoft.com/en-us/windows/apps/get-started/enable-your-device-for-development
  warnings.warn(message)
Trying includeno/movielens-100k...
FAILED: includeno/movielens-100k - Dataset scripts are no longer supported, but found movielens-100k.py
Trying HsSIn/MovieLens-100k...
FAILED: HsSIn/MovieLens-100k - Dataset 'HsSIn/MovieLens-100k' doesn't exist on the Hub or cannot be accessed.
Trying AgustinPiaz/movielens-100k...
FAILED: AgustinPiaz/movielens-100k - Dataset 'AgustinPiaz/movielens-100k' doesn't exist on the Hub or cannot be accessed.
Trying movie_lens...
FAILED: movie_lens - Dataset 'movie_lens' doesn't exist on the Hub or cannot be accessed.
Trying movielens...
FAILED: movielens - Dataset 'movielens' doesn't exist on the Hub or cannot be accessed.
